
> teacher-pulse@0.1.0 build
> next build

Γû▓ Next.js 16.1.6 (Turbopack)
- Environments: .env.local

  Creating an optimized production build ...
Γ£ô Compiled successfully in 4.3s
  Running TypeScript ...
node.exe : Failed to compile.
At line:1 char:1
+ & "C:\Program Files\nodejs/node.exe" "C:\Program Files\nodejs/node_mo ...
+ ~~~~~~~~~~~~~~~~~~~~~~~~~~~~~~~~~~~~~~~~~~~~~~~~~~~~~~~~~~~~~~~~~~~~~
    + CategoryInfo          : NotSpecified: (Failed to compile.:String) [], Remote 
   Exception
    + FullyQualifiedErrorId : NativeCommandError
 

./src/app/dashboard/students/[id]/page.tsx:305:110
Type error: JSX elements cannot have multiple attributes with the same name.

[0m [90m 303 |[39m                                 
[33m<[39m[33m/[39m[33mButton[39m[33m>[39m
 [90m 304 |[39m                             
[33m<[39m[33m/[39m[33mLink[39m[33m>[39m
[31m[1m>[22m[39m[90m 305 |[39m                             
[33m<[39m[33mButton[39m className[33m=[39m[32m"w-full justify-start"[39m 
variant[33m=[39m[32m"outline"[39m disabled[33m=[39m{isInactive} 
className[33m=[39m{isInactive [33m?[39m [32m'opacity-50'[39m [33m:[39m 
[32m''[39m}[33m>[39m
 [90m     |[39m                                                                  
                                            [31m[1m^[22m[39m
 [90m 306 |[39m                                 [33m<[39m[33mBookOpen[39m 
className[33m=[39m[32m"mr-2 h-4 w-4"[39m [33m/[39m[33m>[39m
 [90m 307 |[39m                                 [33mView[39m 
[33mAcademic[39m [33mReports[39m
 [90m 308 |[39m                             
[33m<[39m[33m/[39m[33mButton[39m[33m>[39m[0m
Next.js build worker exited with code: 1 and signal: null
